<html>
<body>
<pre>
<h1>µVision Build Log</h1>
<h2>Tool Versions:</h2>
IDE-Version: µVision V5.34.0.0
Copyright (C) 2021 ARM Ltd and ARM Germany GmbH. All rights reserved.
License Information: prilezhaev serafim, konvels, LIC=----
 
Tool Versions:
Toolchain:       MDK-Lite  Version: 5.34.0.0
Toolchain Path:  C:\Keil_v5\ARM\ARMCC\Bin
C Compiler:      Armcc.exe V5.06 update 7 (build 960)
Assembler:       Armasm.exe V5.06 update 7 (build 960)
Linker/Locator:  ArmLink.exe V5.06 update 7 (build 960)
Library Manager: ArmAr.exe V5.06 update 7 (build 960)
Hex Converter:   FromElf.exe V5.06 update 7 (build 960)
CPU DLL:         SARMCM3.DLL V5.34.0.0
Dialog DLL:      DARMCM1.DLL V1.19.4.0
Target DLL:      STLink\ST-LINKIII-KEIL_SWO.dll V3.0.8.0
Dialog DLL:      TARMCM1.DLL V1.14.3.0
 
<h2>Project:</h2>
C:\Users\serafim.prilezhaev.MSK\Documents\Ïëîòíîìåð\keil_v2.0\MDK-ARM\test.uvprojx
Project File Date:  07/29/2021

<h2>Output:</h2>
*** Using Compiler 'V5.06 update 7 (build 960)', folder: 'C:\Keil_v5\ARM\ARMCC\Bin'
Rebuild target 'test'
compiling BitDecode.c...
compiling IntFifo.c...
compiling uart.c...
compiling fsk.c...
compiling get_command.c...
compiling ByteFifo.c...
compiling set_command.c...
..\Core\Src\set_command.c(84): warning:  #1-D: last line of file ends without a newline
  // end functions
..\Core\Src\set_command.c: 1 warning, 0 errors
compiling byte_to_bits.c...
..\Core\Src\byte_to_bits.c(27): warning:  #1-D: last line of file ends without a newline
  }
..\Core\Src\byte_to_bits.c: 1 warning, 0 errors
compiling flash.c...
..\Core\Src\flash.c(54): warning:  #1-D: last line of file ends without a newline
  // end functions
..\Core\Src\flash.c: 1 warning, 0 errors
compiling gpio_rw.c...
..\Core\Src\gpio_rw.c(25): warning:  #1-D: last line of file ends without a newline
   }
..\Core\Src\gpio_rw.c: 1 warning, 0 errors
compiling main.c...
compiling stm32f0xx_it.c...
compiling stm32f0xx_hal_msp.c...
compiling stm32f0xx_hal_adc_ex.c...
compiling stm32f0xx_hal_adc.c...
compiling stm32f0xx_hal_rcc_ex.c...
compiling stm32f0xx_hal.c...
compiling stm32f0xx_hal_rcc.c...
compiling stm32f0xx_hal_i2c_ex.c...
compiling stm32f0xx_hal_gpio.c...
compiling stm32f0xx_hal_i2c.c...
compiling stm32f0xx_hal_cortex.c...
compiling stm32f0xx_hal_dma.c...
compiling stm32f0xx_hal_pwr.c...
compiling stm32f0xx_hal_pwr_ex.c...
compiling stm32f0xx_hal_flash.c...
compiling stm32f0xx_hal_flash_ex.c...
compiling stm32f0xx_hal_dac.c...
compiling stm32f0xx_hal_exti.c...
compiling stm32f0xx_hal_dac_ex.c...
compiling stm32f0xx_hal_tim_ex.c...
compiling stm32f0xx_hal_tim.c...
assembling startup_stm32f051x8.s...
compiling stm32f0xx_hal_uart_ex.c...
compiling stm32f0xx_hal_uart.c...
compiling system_stm32f0xx.c...
linking...
Program Size: Code=11552 RO-data=500 RW-data=68 ZI-data=4908  
FromELF: creating hex file...
"test\test.axf" - 0 Error(s), 4 Warning(s).

<h2>Software Packages used:</h2>

Package Vendor: ARM
                http://www.keil.com/pack/ARM.CMSIS.5.7.0.pack
                ARM.CMSIS.5.7.0
                CMSIS (Cortex Microcontroller Software Interface Standard)
   * Component: CORE Version: 5.4.0

Package Vendor: Keil
                http://www.keil.com/pack/Keil.STM32F0xx_DFP.2.1.0.pack
                Keil.STM32F0xx_DFP.2.1.0
                STMicroelectronics STM32F0 Series Device Support, Drivers and Examples

<h2>Collection of Component include folders:</h2>
  .\RTE\_test
  C:\Users\serafim.prilezhaev.MSK\AppData\Local\Arm\Packs\ARM\CMSIS\5.7.0\CMSIS\Core\Include
  C:\Users\serafim.prilezhaev.MSK\AppData\Local\Arm\Packs\Keil\STM32F0xx_DFP\2.1.0\Drivers\CMSIS\Device\ST\STM32F0xx\Include

<h2>Collection of Component Files used:</h2>

   * Component: ARM::CMSIS:CORE:5.4.0
      Include file:  CMSIS\Core\Include\tz_context.h
Build Time Elapsed:  00:00:22
</pre>
</body>
</html>
